
[1m[46m RUN [49m[22m [36mv3.2.4 [39m[90mC:/Users/koushik/Desktop/harsha/prototype/app[39m

 [31mΓ¥»[39m src/components/dashboard/__tests__/TransporterDashboard.test.tsx [2m([22m[2m4 tests[22m[2m | [22m[31m4 failed[39m[2m)[22m[32m 64[2mms[22m[39m
[31m   [31m├ù[31m TransporterDashboard - Verification Flow[2m > [22mrenders verification form for unverified user[39m[32m 53[2mms[22m[39m
[31m     ΓåÆ getUnreadCount is not a function[39m
[31m   [31m├ù[31m TransporterDashboard - Verification Flow[2m > [22msubmits verification details[39m[32m 4[2mms[22m[39m
[31m     ΓåÆ getUnreadCount is not a function[39m
[31m   [31m├ù[31m TransporterDashboard - Verification Flow[2m > [22mshows pending status[39m[32m 4[2mms[22m[39m
[31m     ΓåÆ getUnreadCount is not a function[39m
[31m   [31m├ù[31m TransporterDashboard - Verification Flow[2m > [22mshows verified status[39m[32m 3[2mms[22m[39m
[31m     ΓåÆ getUnreadCount is not a function[39m
node.exe : 
At line:1 char:1
+ & "C:\Program Files\nodejs/node.exe" "C:\Program Files\nodejs/node_mo ...
+ ~~~~~~~~~~~~~~~~~~~~~~~~~~~~~~~~~~~~~~~~~~~~~~~~~~~~~~~~~~~~~~~~~~~~~
    + CategoryInfo          : NotSpecified: (:String) [], RemoteException
    + FullyQualifiedErrorId : NativeCommandError
 
[31mΓÄ»ΓÄ»ΓÄ»ΓÄ»ΓÄ»ΓÄ»ΓÄ»[39m[1m[41m Failed Tests 4 [49m[22m[31mΓÄ»ΓÄ»ΓÄ»ΓÄ»ΓÄ»ΓÄ»ΓÄ»[39m

[41m[1m FAIL [22m[49m src/components/dashboard/__tests__/TransporterDashboard.test.tsx[2m > [22mTransporterDashboard - Verification Flow[2m > [22mrenders verification form for 
unverified user
[41m[1m FAIL [22m[49m src/components/dashboard/__tests__/TransporterDashboard.test.tsx[2m > [22mTransporterDashboard - Verification Flow[2m > [22msubmits verification details
[41m[1m FAIL [22m[49m src/components/dashboard/__tests__/TransporterDashboard.test.tsx[2m > [22mTransporterDashboard - Verification Flow[2m > [22mshows pending status
[41m[1m FAIL [22m[49m src/components/dashboard/__tests__/TransporterDashboard.test.tsx[2m > [22mTransporterDashboard - Verification Flow[2m > [22mshows verified status
[31m[1mTypeError[22m: getUnreadCount is not a function[39m
[36m [2mΓ¥»[22m Header src/components/shared/Header.tsx:[2m30:1[22m[39m
    [90m 28| [39m  [35mconst[39m navigate [33m=[39m [34museNavigate[39m()[33m;[39m
    [90m 29| [39m  [35mconst[39m { currentUser[33m,[39m logout[33m,[39m getUnreadCount } [33m=[39m [34museStore[39m()[33m;[39m
    [90m 30| [39m  [35mconst[39m unreadCount [33m=[39m currentUser [33m?[39m [34mgetUnreadCount[39m(currentUser[33m.[39mid) [33m:[39m [34m0[39m[33m;[39m
    [90m   | [39m[31m^[39m
    [90m 31| [39m
    [90m 32| [39m  [35mconst[39m handleLogout [33m=[39m () [33m=>[39m {
[90m [2mΓ¥»[22m Object.react_stack_bottom_frame node_modules/react-dom/cjs/react-dom-client.development.js:[2m25904:20[22m[39m
[90m [2mΓ¥»[22m renderWithHooks node_modules/react-dom/cjs/react-dom-client.development.js:[2m7662:22[22m[39m
[90m [2mΓ¥»[22m updateFunctionComponent node_modules/react-dom/cjs/react-dom-client.development.js:[2m10166:19[22m[39m
[90m [2mΓ¥»[22m beginWork node_modules/react-dom/cjs/react-dom-client.development.js:[2m11778:18[22m[39m
[90m [2mΓ¥»[22m runWithFiberInDEV node_modules/react-dom/cjs/react-dom-client.development.js:[2m874:13[22m[39m
[90m [2mΓ¥»[22m performUnitOfWork node_modules/react-dom/cjs/react-dom-client.development.js:[2m17641:22[22m[39m
[90m [2mΓ¥»[22m workLoopSync node_modules/react-dom/cjs/react-dom-client.development.js:[2m17469:41[22m[39m
[90m [2mΓ¥»[22m renderRootSync node_modules/react-dom/cjs/react-dom-client.development.js:[2m17450:11[22m[39m
[90m [2mΓ¥»[22m performWorkOnRoot node_modules/react-dom/cjs/react-dom-client.development.js:[2m16583:35[22m[39m

[31m[2mΓÄ»ΓÄ»ΓÄ»ΓÄ»ΓÄ»ΓÄ»ΓÄ»ΓÄ»ΓÄ»ΓÄ»ΓÄ»ΓÄ»ΓÄ»ΓÄ»ΓÄ»ΓÄ»ΓÄ»ΓÄ»ΓÄ»ΓÄ»ΓÄ»ΓÄ»ΓÄ»ΓÄ»[1/4]ΓÄ»[22m[39m


[2m Test Files [22m [1m[31m1 failed[39m[22m[90m (1)[39m
[2m      Tests [22m [1m[31m4 failed[39m[22m[90m (4)[39m
[2m   Start at [22m 13:33:51
[2m   Duration [22m 3.57s[2m (transform 775ms, setup 153ms, collect 1.31s, tests 64ms, environment 850ms, prepare 118ms)[22m

